TimeQuest Timing Analyzer report for ip_pll
Tue Aug 21 10:45:50 2018
Quartus II 64-Bit Version 13.1.0 Build 162 10/23/2013 SJ Full Version


---------------------
; Table of Contents ;
---------------------
  1. Legal Notice
  2. TimeQuest Timing Analyzer Summary
  3. Parallel Compilation
  4. Clocks
  5. Slow 1200mV 85C Model Fmax Summary
  6. Timing Closure Recommendations
  7. Slow 1200mV 85C Model Setup Summary
  8. Slow 1200mV 85C Model Hold Summary
  9. Slow 1200mV 85C Model Recovery Summary
 10. Slow 1200mV 85C Model Removal Summary
 11. Slow 1200mV 85C Model Minimum Pulse Width Summary
 12. Slow 1200mV 85C Model Minimum Pulse Width: 'sys_clk'
 13. Clock to Output Times
 14. Minimum Clock to Output Times
 15. Slow 1200mV 85C Model Metastability Report
 16. Slow 1200mV 0C Model Fmax Summary
 17. Slow 1200mV 0C Model Setup Summary
 18. Slow 1200mV 0C Model Hold Summary
 19. Slow 1200mV 0C Model Recovery Summary
 20. Slow 1200mV 0C Model Removal Summary
 21. Slow 1200mV 0C Model Minimum Pulse Width Summary
 22. Slow 1200mV 0C Model Minimum Pulse Width: 'sys_clk'
 23. Clock to Output Times
 24. Minimum Clock to Output Times
 25. Slow 1200mV 0C Model Metastability Report
 26. Fast 1200mV 0C Model Setup Summary
 27. Fast 1200mV 0C Model Hold Summary
 28. Fast 1200mV 0C Model Recovery Summary
 29. Fast 1200mV 0C Model Removal Summary
 30. Fast 1200mV 0C Model Minimum Pulse Width Summary
 31. Fast 1200mV 0C Model Minimum Pulse Width: 'sys_clk'
 32. Clock to Output Times
 33. Minimum Clock to Output Times
 34. Fast 1200mV 0C Model Metastability Report
 35. Multicorner Timing Analysis Summary
 36. Clock to Output Times
 37. Minimum Clock to Output Times
 38. Board Trace Model Assignments
 39. Input Transition Times
 40. Signal Integrity Metrics (Slow 1200mv 0c Model)
 41. Signal Integrity Metrics (Slow 1200mv 85c Model)
 42. Signal Integrity Metrics (Fast 1200mv 0c Model)
 43. Clock Transfers
 44. Report TCCS
 45. Report RSKM
 46. Unconstrained Paths
 47. TimeQuest Timing Analyzer Messages



----------------
; Legal Notice ;
----------------
Copyright (C) 1991-2013 Altera Corporation
Your use of Altera Corporation's design tools, logic functions 
and other software and tools, and its AMPP partner logic 
functions, and any output files from any of the foregoing 
(including device programming or simulation files), and any 
associated documentation or information are expressly subject 
to the terms and conditions of the Altera Program License 
Subscription Agreement, Altera MegaCore Function License 
Agreement, or other applicable license agreement, including, 
without limitation, that your use is for the sole purpose of 
programming logic devices manufactured by Altera and sold by 
Altera or its authorized distributors.  Please refer to the 
applicable agreement for further details.



+--------------------------------------------------------------------------+
; TimeQuest Timing Analyzer Summary                                        ;
+--------------------+-----------------------------------------------------+
; Quartus II Version ; Version 13.1.0 Build 162 10/23/2013 SJ Full Version ;
; Revision Name      ; ip_pll                                              ;
; Device Family      ; Cyclone IV E                                        ;
; Device Name        ; EP4CE10F17C8                                        ;
; Timing Models      ; Final                                               ;
; Delay Model        ; Combined                                            ;
; Rise/Fall Delays   ; Enabled                                             ;
+--------------------+-----------------------------------------------------+


+------------------------------------------+
; Parallel Compilation                     ;
+----------------------------+-------------+
; Processors                 ; Number      ;
+----------------------------+-------------+
; Number detected on machine ; 4           ;
; Maximum allowed            ; 4           ;
;                            ;             ;
; Average used               ; 1.00        ;
; Maximum used               ; 4           ;
;                            ;             ;
; Usage by Processor         ; % Time Used ;
;     Processor 1            ; 100.0%      ;
;     Processors 2-4         ; < 0.1%      ;
+----------------------------+-------------+


+-------------------------------------------------------------------------------------------------------------------------------------------------------------------------------------------------------------------------------------------------------------------------------------------------------------------------------------+
; Clocks                                                                                                                                                                                                                                                                                                                              ;
+-------------------------------------------------------+-----------+--------+-----------+-------+--------+------------+-----------+-------------+-------+--------+-----------+------------+----------+---------+---------------------------------------------------------+-----------------------------------------------------------+
; Clock Name                                            ; Type      ; Period ; Frequency ; Rise  ; Fall   ; Duty Cycle ; Divide by ; Multiply by ; Phase ; Offset ; Edge List ; Edge Shift ; Inverted ; Master  ; Source                                                  ; Targets                                                   ;
+-------------------------------------------------------+-----------+--------+-----------+-------+--------+------------+-----------+-------------+-------+--------+-----------+------------+----------+---------+---------------------------------------------------------+-----------------------------------------------------------+
; sys_clk                                               ; Base      ; 20.000 ; 50.0 MHz  ; 0.000 ; 10.000 ;            ;           ;             ;       ;        ;           ;            ;          ;         ;                                                         ; { sys_clk }                                               ;
; u_pll_clk|altpll_component|auto_generated|pll1|clk[0] ; Generated ; 10.000 ; 100.0 MHz ; 0.000 ; 5.000  ; 50.00      ; 1         ; 2           ;       ;        ;           ;            ; false    ; sys_clk ; u_pll_clk|altpll_component|auto_generated|pll1|inclk[0] ; { u_pll_clk|altpll_component|auto_generated|pll1|clk[0] } ;
; u_pll_clk|altpll_component|auto_generated|pll1|clk[1] ; Generated ; 10.000 ; 100.0 MHz ; 5.000 ; 10.000 ; 50.00      ; 1         ; 2           ; 180.0 ;        ;           ;            ; false    ; sys_clk ; u_pll_clk|altpll_component|auto_generated|pll1|inclk[0] ; { u_pll_clk|altpll_component|auto_generated|pll1|clk[1] } ;
; u_pll_clk|altpll_component|auto_generated|pll1|clk[2] ; Generated ; 20.000 ; 50.0 MHz  ; 0.000 ; 10.000 ; 50.00      ; 1         ; 1           ;       ;        ;           ;            ; false    ; sys_clk ; u_pll_clk|altpll_component|auto_generated|pll1|inclk[0] ; { u_pll_clk|altpll_component|auto_generated|pll1|clk[2] } ;
; u_pll_clk|altpll_component|auto_generated|pll1|clk[3] ; Generated ; 40.000 ; 25.0 MHz  ; 0.000 ; 20.000 ; 50.00      ; 2         ; 1           ;       ;        ;           ;            ; false    ; sys_clk ; u_pll_clk|altpll_component|auto_generated|pll1|inclk[0] ; { u_pll_clk|altpll_component|auto_generated|pll1|clk[3] } ;
+-------------------------------------------------------+-----------+--------+-----------+-------+--------+------------+-----------+-------------+-------+--------+-----------+------------+----------+---------+---------------------------------------------------------+-----------------------------------------------------------+


--------------------------------------
; Slow 1200mV 85C Model Fmax Summary ;
--------------------------------------
No paths to report.


----------------------------------
; Timing Closure Recommendations ;
----------------------------------
HTML report is unavailable in plain text report export.


---------------------------------------
; Slow 1200mV 85C Model Setup Summary ;
---------------------------------------
No paths to report.


--------------------------------------
; Slow 1200mV 85C Model Hold Summary ;
--------------------------------------
No paths to report.


------------------------------------------
; Slow 1200mV 85C Model Recovery Summary ;
------------------------------------------
No paths to report.


-----------------------------------------
; Slow 1200mV 85C Model Removal Summary ;
-----------------------------------------
No paths to report.


+---------------------------------------------------+
; Slow 1200mV 85C Model Minimum Pulse Width Summary ;
+---------+-------+---------------------------------+
; Clock   ; Slack ; End Point TNS                   ;
+---------+-------+---------------------------------+
; sys_clk ; 9.934 ; 0.000                           ;
+---------+-------+---------------------------------+


+----------------------------------------------------------------------------------------------------------------------------------------------------+
; Slow 1200mV 85C Model Minimum Pulse Width: 'sys_clk'                                                                                               ;
+--------+--------------+----------------+------------------+---------+------------+-----------------------------------------------------------------+
; Slack  ; Actual Width ; Required Width ; Type             ; Clock   ; Clock Edge ; Target                                                          ;
+--------+--------------+----------------+------------------+---------+------------+-----------------------------------------------------------------+
; 9.934  ; 9.934        ; 0.000          ; Low Pulse Width  ; sys_clk ; Rise       ; u_pll_clk|altpll_component|auto_generated|pll1|clk[0]           ;
; 9.934  ; 9.934        ; 0.000          ; Low Pulse Width  ; sys_clk ; Rise       ; u_pll_clk|altpll_component|auto_generated|pll1|clk[1]           ;
; 9.934  ; 9.934        ; 0.000          ; Low Pulse Width  ; sys_clk ; Rise       ; u_pll_clk|altpll_component|auto_generated|pll1|clk[2]           ;
; 9.934  ; 9.934        ; 0.000          ; Low Pulse Width  ; sys_clk ; Rise       ; u_pll_clk|altpll_component|auto_generated|pll1|clk[3]           ;
; 9.934  ; 9.934        ; 0.000          ; Low Pulse Width  ; sys_clk ; Rise       ; u_pll_clk|altpll_component|auto_generated|pll1|observablevcoout ;
; 9.954  ; 9.954        ; 0.000          ; Low Pulse Width  ; sys_clk ; Rise       ; sys_clk~input|o                                                 ;
; 9.977  ; 9.977        ; 0.000          ; Low Pulse Width  ; sys_clk ; Rise       ; u_pll_clk|altpll_component|auto_generated|pll1|inclk[0]         ;
; 10.000 ; 10.000       ; 0.000          ; High Pulse Width ; sys_clk ; Rise       ; sys_clk~input|i                                                 ;
; 10.000 ; 10.000       ; 0.000          ; Low Pulse Width  ; sys_clk ; Rise       ; sys_clk~input|i                                                 ;
; 10.022 ; 10.022       ; 0.000          ; High Pulse Width ; sys_clk ; Rise       ; u_pll_clk|altpll_component|auto_generated|pll1|inclk[0]         ;
; 10.046 ; 10.046       ; 0.000          ; High Pulse Width ; sys_clk ; Rise       ; sys_clk~input|o                                                 ;
; 10.066 ; 10.066       ; 0.000          ; High Pulse Width ; sys_clk ; Rise       ; u_pll_clk|altpll_component|auto_generated|pll1|clk[0]           ;
; 10.066 ; 10.066       ; 0.000          ; High Pulse Width ; sys_clk ; Rise       ; u_pll_clk|altpll_component|auto_generated|pll1|clk[1]           ;
; 10.066 ; 10.066       ; 0.000          ; High Pulse Width ; sys_clk ; Rise       ; u_pll_clk|altpll_component|auto_generated|pll1|clk[2]           ;
; 10.066 ; 10.066       ; 0.000          ; High Pulse Width ; sys_clk ; Rise       ; u_pll_clk|altpll_component|auto_generated|pll1|clk[3]           ;
; 10.066 ; 10.066       ; 0.000          ; High Pulse Width ; sys_clk ; Rise       ; u_pll_clk|altpll_component|auto_generated|pll1|observablevcoout ;
; 16.000 ; 20.000       ; 4.000          ; Port Rate        ; sys_clk ; Rise       ; sys_clk                                                         ;
+--------+--------------+----------------+------------------+---------+------------+-----------------------------------------------------------------+


+-------------------------------------------------------------------------------------------------------------------+
; Clock to Output Times                                                                                             ;
+-----------------+------------+-------+-------+------------+-------------------------------------------------------+
; Data Port       ; Clock Port ; Rise  ; Fall  ; Clock Edge ; Clock Reference                                       ;
+-----------------+------------+-------+-------+------------+-------------------------------------------------------+
; clk_100m        ; sys_clk    ; 3.244 ;       ; Rise       ; u_pll_clk|altpll_component|auto_generated|pll1|clk[0] ;
; clk_100m        ; sys_clk    ;       ; 3.201 ; Fall       ; u_pll_clk|altpll_component|auto_generated|pll1|clk[0] ;
; clk_100m_180deg ; sys_clk    ; 9.596 ;       ; Rise       ; u_pll_clk|altpll_component|auto_generated|pll1|clk[1] ;
; clk_100m_180deg ; sys_clk    ;       ; 9.642 ; Fall       ; u_pll_clk|altpll_component|auto_generated|pll1|clk[1] ;
; clk_50m         ; sys_clk    ; 3.248 ;       ; Rise       ; u_pll_clk|altpll_component|auto_generated|pll1|clk[2] ;
; clk_50m         ; sys_clk    ;       ; 3.205 ; Fall       ; u_pll_clk|altpll_component|auto_generated|pll1|clk[2] ;
; clk_25m         ; sys_clk    ; 3.220 ;       ; Rise       ; u_pll_clk|altpll_component|auto_generated|pll1|clk[3] ;
; clk_25m         ; sys_clk    ;       ; 3.178 ; Fall       ; u_pll_clk|altpll_component|auto_generated|pll1|clk[3] ;
+-----------------+------------+-------+-------+------------+-------------------------------------------------------+


+-------------------------------------------------------------------------------------------------------------------+
; Minimum Clock to Output Times                                                                                     ;
+-----------------+------------+-------+-------+------------+-------------------------------------------------------+
; Data Port       ; Clock Port ; Rise  ; Fall  ; Clock Edge ; Clock Reference                                       ;
+-----------------+------------+-------+-------+------------+-------------------------------------------------------+
; clk_100m        ; sys_clk    ; 2.746 ;       ; Rise       ; u_pll_clk|altpll_component|auto_generated|pll1|clk[0] ;
; clk_100m        ; sys_clk    ;       ; 2.705 ; Fall       ; u_pll_clk|altpll_component|auto_generated|pll1|clk[0] ;
; clk_100m_180deg ; sys_clk    ; 9.097 ;       ; Rise       ; u_pll_clk|altpll_component|auto_generated|pll1|clk[1] ;
; clk_100m_180deg ; sys_clk    ;       ; 9.145 ; Fall       ; u_pll_clk|altpll_component|auto_generated|pll1|clk[1] ;
; clk_50m         ; sys_clk    ; 2.750 ;       ; Rise       ; u_pll_clk|altpll_component|auto_generated|pll1|clk[2] ;
; clk_50m         ; sys_clk    ;       ; 2.708 ; Fall       ; u_pll_clk|altpll_component|auto_generated|pll1|clk[2] ;
; clk_25m         ; sys_clk    ; 2.723 ;       ; Rise       ; u_pll_clk|altpll_component|auto_generated|pll1|clk[3] ;
; clk_25m         ; sys_clk    ;       ; 2.682 ; Fall       ; u_pll_clk|altpll_component|auto_generated|pll1|clk[3] ;
+-----------------+------------+-------+-------+------------+-------------------------------------------------------+


----------------------------------------------
; Slow 1200mV 85C Model Metastability Report ;
----------------------------------------------
No synchronizer chains to report.


-------------------------------------
; Slow 1200mV 0C Model Fmax Summary ;
-------------------------------------
No paths to report.


--------------------------------------
; Slow 1200mV 0C Model Setup Summary ;
--------------------------------------
No paths to report.


-------------------------------------
; Slow 1200mV 0C Model Hold Summary ;
-------------------------------------
No paths to report.


-----------------------------------------
; Slow 1200mV 0C Model Recovery Summary ;
-----------------------------------------
No paths to report.


----------------------------------------
; Slow 1200mV 0C Model Removal Summary ;
----------------------------------------
No paths to report.


+--------------------------------------------------+
; Slow 1200mV 0C Model Minimum Pulse Width Summary ;
+---------+-------+--------------------------------+
; Clock   ; Slack ; End Point TNS                  ;
+---------+-------+--------------------------------+
; sys_clk ; 9.943 ; 0.000                          ;
+---------+-------+--------------------------------+


+----------------------------------------------------------------------------------------------------------------------------------------------------+
; Slow 1200mV 0C Model Minimum Pulse Width: 'sys_clk'                                                                                                ;
+--------+--------------+----------------+------------------+---------+------------+-----------------------------------------------------------------+
; Slack  ; Actual Width ; Required Width ; Type             ; Clock   ; Clock Edge ; Target                                                          ;
+--------+--------------+----------------+------------------+---------+------------+-----------------------------------------------------------------+
; 9.943  ; 9.943        ; 0.000          ; Low Pulse Width  ; sys_clk ; Rise       ; u_pll_clk|altpll_component|auto_generated|pll1|clk[0]           ;
; 9.943  ; 9.943        ; 0.000          ; Low Pulse Width  ; sys_clk ; Rise       ; u_pll_clk|altpll_component|auto_generated|pll1|clk[1]           ;
; 9.943  ; 9.943        ; 0.000          ; Low Pulse Width  ; sys_clk ; Rise       ; u_pll_clk|altpll_component|auto_generated|pll1|clk[2]           ;
; 9.943  ; 9.943        ; 0.000          ; Low Pulse Width  ; sys_clk ; Rise       ; u_pll_clk|altpll_component|auto_generated|pll1|clk[3]           ;
; 9.943  ; 9.943        ; 0.000          ; Low Pulse Width  ; sys_clk ; Rise       ; u_pll_clk|altpll_component|auto_generated|pll1|observablevcoout ;
; 9.975  ; 9.975        ; 0.000          ; Low Pulse Width  ; sys_clk ; Rise       ; sys_clk~input|o                                                 ;
; 9.992  ; 9.992        ; 0.000          ; Low Pulse Width  ; sys_clk ; Rise       ; u_pll_clk|altpll_component|auto_generated|pll1|inclk[0]         ;
; 10.000 ; 10.000       ; 0.000          ; High Pulse Width ; sys_clk ; Rise       ; sys_clk~input|i                                                 ;
; 10.000 ; 10.000       ; 0.000          ; Low Pulse Width  ; sys_clk ; Rise       ; sys_clk~input|i                                                 ;
; 10.008 ; 10.008       ; 0.000          ; High Pulse Width ; sys_clk ; Rise       ; u_pll_clk|altpll_component|auto_generated|pll1|inclk[0]         ;
; 10.025 ; 10.025       ; 0.000          ; High Pulse Width ; sys_clk ; Rise       ; sys_clk~input|o                                                 ;
; 10.056 ; 10.056       ; 0.000          ; High Pulse Width ; sys_clk ; Rise       ; u_pll_clk|altpll_component|auto_generated|pll1|clk[0]           ;
; 10.056 ; 10.056       ; 0.000          ; High Pulse Width ; sys_clk ; Rise       ; u_pll_clk|altpll_component|auto_generated|pll1|clk[1]           ;
; 10.056 ; 10.056       ; 0.000          ; High Pulse Width ; sys_clk ; Rise       ; u_pll_clk|altpll_component|auto_generated|pll1|clk[2]           ;
; 10.056 ; 10.056       ; 0.000          ; High Pulse Width ; sys_clk ; Rise       ; u_pll_clk|altpll_component|auto_generated|pll1|clk[3]           ;
; 10.056 ; 10.056       ; 0.000          ; High Pulse Width ; sys_clk ; Rise       ; u_pll_clk|altpll_component|auto_generated|pll1|observablevcoout ;
; 16.000 ; 20.000       ; 4.000          ; Port Rate        ; sys_clk ; Rise       ; sys_clk                                                         ;
+--------+--------------+----------------+------------------+---------+------------+-----------------------------------------------------------------+


+-------------------------------------------------------------------------------------------------------------------+
; Clock to Output Times                                                                                             ;
+-----------------+------------+-------+-------+------------+-------------------------------------------------------+
; Data Port       ; Clock Port ; Rise  ; Fall  ; Clock Edge ; Clock Reference                                       ;
+-----------------+------------+-------+-------+------------+-------------------------------------------------------+
; clk_100m        ; sys_clk    ; 3.018 ;       ; Rise       ; u_pll_clk|altpll_component|auto_generated|pll1|clk[0] ;
; clk_100m        ; sys_clk    ;       ; 2.940 ; Fall       ; u_pll_clk|altpll_component|auto_generated|pll1|clk[0] ;
; clk_100m_180deg ; sys_clk    ; 9.173 ;       ; Rise       ; u_pll_clk|altpll_component|auto_generated|pll1|clk[1] ;
; clk_100m_180deg ; sys_clk    ;       ; 9.173 ; Fall       ; u_pll_clk|altpll_component|auto_generated|pll1|clk[1] ;
; clk_50m         ; sys_clk    ; 3.023 ;       ; Rise       ; u_pll_clk|altpll_component|auto_generated|pll1|clk[2] ;
; clk_50m         ; sys_clk    ;       ; 2.941 ; Fall       ; u_pll_clk|altpll_component|auto_generated|pll1|clk[2] ;
; clk_25m         ; sys_clk    ; 2.996 ;       ; Rise       ; u_pll_clk|altpll_component|auto_generated|pll1|clk[3] ;
; clk_25m         ; sys_clk    ;       ; 2.915 ; Fall       ; u_pll_clk|altpll_component|auto_generated|pll1|clk[3] ;
+-----------------+------------+-------+-------+------------+-------------------------------------------------------+


+-------------------------------------------------------------------------------------------------------------------+
; Minimum Clock to Output Times                                                                                     ;
+-----------------+------------+-------+-------+------------+-------------------------------------------------------+
; Data Port       ; Clock Port ; Rise  ; Fall  ; Clock Edge ; Clock Reference                                       ;
+-----------------+------------+-------+-------+------------+-------------------------------------------------------+
; clk_100m        ; sys_clk    ; 2.560 ;       ; Rise       ; u_pll_clk|altpll_component|auto_generated|pll1|clk[0] ;
; clk_100m        ; sys_clk    ;       ; 2.484 ; Fall       ; u_pll_clk|altpll_component|auto_generated|pll1|clk[0] ;
; clk_100m_180deg ; sys_clk    ; 8.714 ;       ; Rise       ; u_pll_clk|altpll_component|auto_generated|pll1|clk[1] ;
; clk_100m_180deg ; sys_clk    ;       ; 8.716 ; Fall       ; u_pll_clk|altpll_component|auto_generated|pll1|clk[1] ;
; clk_50m         ; sys_clk    ; 2.564 ;       ; Rise       ; u_pll_clk|altpll_component|auto_generated|pll1|clk[2] ;
; clk_50m         ; sys_clk    ;       ; 2.484 ; Fall       ; u_pll_clk|altpll_component|auto_generated|pll1|clk[2] ;
; clk_25m         ; sys_clk    ; 2.537 ;       ; Rise       ; u_pll_clk|altpll_component|auto_generated|pll1|clk[3] ;
; clk_25m         ; sys_clk    ;       ; 2.459 ; Fall       ; u_pll_clk|altpll_component|auto_generated|pll1|clk[3] ;
+-----------------+------------+-------+-------+------------+-------------------------------------------------------+


---------------------------------------------
; Slow 1200mV 0C Model Metastability Report ;
---------------------------------------------
No synchronizer chains to report.


--------------------------------------
; Fast 1200mV 0C Model Setup Summary ;
--------------------------------------
No paths to report.


-------------------------------------
; Fast 1200mV 0C Model Hold Summary ;
-------------------------------------
No paths to report.


-----------------------------------------
; Fast 1200mV 0C Model Recovery Summary ;
-----------------------------------------
No paths to report.


----------------------------------------
; Fast 1200mV 0C Model Removal Summary ;
----------------------------------------
No paths to report.


+--------------------------------------------------+
; Fast 1200mV 0C Model Minimum Pulse Width Summary ;
+---------+-------+--------------------------------+
; Clock   ; Slack ; End Point TNS                  ;
+---------+-------+--------------------------------+
; sys_clk ; 9.594 ; 0.000                          ;
+---------+-------+--------------------------------+


+----------------------------------------------------------------------------------------------------------------------------------------------------+
; Fast 1200mV 0C Model Minimum Pulse Width: 'sys_clk'                                                                                                ;
+--------+--------------+----------------+------------------+---------+------------+-----------------------------------------------------------------+
; Slack  ; Actual Width ; Required Width ; Type             ; Clock   ; Clock Edge ; Target                                                          ;
+--------+--------------+----------------+------------------+---------+------------+-----------------------------------------------------------------+
; 9.594  ; 9.594        ; 0.000          ; Low Pulse Width  ; sys_clk ; Rise       ; u_pll_clk|altpll_component|auto_generated|pll1|clk[0]           ;
; 9.594  ; 9.594        ; 0.000          ; Low Pulse Width  ; sys_clk ; Rise       ; u_pll_clk|altpll_component|auto_generated|pll1|clk[1]           ;
; 9.594  ; 9.594        ; 0.000          ; Low Pulse Width  ; sys_clk ; Rise       ; u_pll_clk|altpll_component|auto_generated|pll1|clk[2]           ;
; 9.594  ; 9.594        ; 0.000          ; Low Pulse Width  ; sys_clk ; Rise       ; u_pll_clk|altpll_component|auto_generated|pll1|clk[3]           ;
; 9.594  ; 9.594        ; 0.000          ; Low Pulse Width  ; sys_clk ; Rise       ; u_pll_clk|altpll_component|auto_generated|pll1|observablevcoout ;
; 9.620  ; 9.620        ; 0.000          ; Low Pulse Width  ; sys_clk ; Rise       ; sys_clk~input|o                                                 ;
; 9.622  ; 9.622        ; 0.000          ; Low Pulse Width  ; sys_clk ; Rise       ; u_pll_clk|altpll_component|auto_generated|pll1|inclk[0]         ;
; 10.000 ; 10.000       ; 0.000          ; High Pulse Width ; sys_clk ; Rise       ; sys_clk~input|i                                                 ;
; 10.000 ; 10.000       ; 0.000          ; Low Pulse Width  ; sys_clk ; Rise       ; sys_clk~input|i                                                 ;
; 10.377 ; 10.377       ; 0.000          ; High Pulse Width ; sys_clk ; Rise       ; u_pll_clk|altpll_component|auto_generated|pll1|inclk[0]         ;
; 10.380 ; 10.380       ; 0.000          ; High Pulse Width ; sys_clk ; Rise       ; sys_clk~input|o                                                 ;
; 10.404 ; 10.404       ; 0.000          ; High Pulse Width ; sys_clk ; Rise       ; u_pll_clk|altpll_component|auto_generated|pll1|clk[0]           ;
; 10.404 ; 10.404       ; 0.000          ; High Pulse Width ; sys_clk ; Rise       ; u_pll_clk|altpll_component|auto_generated|pll1|clk[1]           ;
; 10.404 ; 10.404       ; 0.000          ; High Pulse Width ; sys_clk ; Rise       ; u_pll_clk|altpll_component|auto_generated|pll1|clk[2]           ;
; 10.404 ; 10.404       ; 0.000          ; High Pulse Width ; sys_clk ; Rise       ; u_pll_clk|altpll_component|auto_generated|pll1|clk[3]           ;
; 10.404 ; 10.404       ; 0.000          ; High Pulse Width ; sys_clk ; Rise       ; u_pll_clk|altpll_component|auto_generated|pll1|observablevcoout ;
; 16.000 ; 20.000       ; 4.000          ; Port Rate        ; sys_clk ; Rise       ; sys_clk                                                         ;
+--------+--------------+----------------+------------------+---------+------------+-----------------------------------------------------------------+


+-------------------------------------------------------------------------------------------------------------------+
; Clock to Output Times                                                                                             ;
+-----------------+------------+-------+-------+------------+-------------------------------------------------------+
; Data Port       ; Clock Port ; Rise  ; Fall  ; Clock Edge ; Clock Reference                                       ;
+-----------------+------------+-------+-------+------------+-------------------------------------------------------+
; clk_100m        ; sys_clk    ; 1.540 ;       ; Rise       ; u_pll_clk|altpll_component|auto_generated|pll1|clk[0] ;
; clk_100m        ; sys_clk    ;       ; 1.605 ; Fall       ; u_pll_clk|altpll_component|auto_generated|pll1|clk[0] ;
; clk_100m_180deg ; sys_clk    ; 7.398 ;       ; Rise       ; u_pll_clk|altpll_component|auto_generated|pll1|clk[1] ;
; clk_100m_180deg ; sys_clk    ;       ; 7.498 ; Fall       ; u_pll_clk|altpll_component|auto_generated|pll1|clk[1] ;
; clk_50m         ; sys_clk    ; 1.536 ;       ; Rise       ; u_pll_clk|altpll_component|auto_generated|pll1|clk[2] ;
; clk_50m         ; sys_clk    ;       ; 1.601 ; Fall       ; u_pll_clk|altpll_component|auto_generated|pll1|clk[2] ;
; clk_25m         ; sys_clk    ; 1.517 ;       ; Rise       ; u_pll_clk|altpll_component|auto_generated|pll1|clk[3] ;
; clk_25m         ; sys_clk    ;       ; 1.583 ; Fall       ; u_pll_clk|altpll_component|auto_generated|pll1|clk[3] ;
+-----------------+------------+-------+-------+------------+-------------------------------------------------------+


+-------------------------------------------------------------------------------------------------------------------+
; Minimum Clock to Output Times                                                                                     ;
+-----------------+------------+-------+-------+------------+-------------------------------------------------------+
; Data Port       ; Clock Port ; Rise  ; Fall  ; Clock Edge ; Clock Reference                                       ;
+-----------------+------------+-------+-------+------------+-------------------------------------------------------+
; clk_100m        ; sys_clk    ; 1.309 ;       ; Rise       ; u_pll_clk|altpll_component|auto_generated|pll1|clk[0] ;
; clk_100m        ; sys_clk    ;       ; 1.372 ; Fall       ; u_pll_clk|altpll_component|auto_generated|pll1|clk[0] ;
; clk_100m_180deg ; sys_clk    ; 7.166 ;       ; Rise       ; u_pll_clk|altpll_component|auto_generated|pll1|clk[1] ;
; clk_100m_180deg ; sys_clk    ;       ; 7.264 ; Fall       ; u_pll_clk|altpll_component|auto_generated|pll1|clk[1] ;
; clk_50m         ; sys_clk    ; 1.304 ;       ; Rise       ; u_pll_clk|altpll_component|auto_generated|pll1|clk[2] ;
; clk_50m         ; sys_clk    ;       ; 1.367 ; Fall       ; u_pll_clk|altpll_component|auto_generated|pll1|clk[2] ;
; clk_25m         ; sys_clk    ; 1.286 ;       ; Rise       ; u_pll_clk|altpll_component|auto_generated|pll1|clk[3] ;
; clk_25m         ; sys_clk    ;       ; 1.350 ; Fall       ; u_pll_clk|altpll_component|auto_generated|pll1|clk[3] ;
+-----------------+------------+-------+-------+------------+-------------------------------------------------------+


---------------------------------------------
; Fast 1200mV 0C Model Metastability Report ;
---------------------------------------------
No synchronizer chains to report.


+----------------------------------------------------------------------------+
; Multicorner Timing Analysis Summary                                        ;
+------------------+-------+------+----------+---------+---------------------+
; Clock            ; Setup ; Hold ; Recovery ; Removal ; Minimum Pulse Width ;
+------------------+-------+------+----------+---------+---------------------+
; Worst-case Slack ; N/A   ; N/A  ; N/A      ; N/A     ; 9.594               ;
;  sys_clk         ; N/A   ; N/A  ; N/A      ; N/A     ; 9.594               ;
; Design-wide TNS  ; 0.0   ; 0.0  ; 0.0      ; 0.0     ; 0.0                 ;
;  sys_clk         ; N/A   ; N/A  ; N/A      ; N/A     ; 0.000               ;
+------------------+-------+------+----------+---------+---------------------+


+-------------------------------------------------------------------------------------------------------------------+
; Clock to Output Times                                                                                             ;
+-----------------+------------+-------+-------+------------+-------------------------------------------------------+
; Data Port       ; Clock Port ; Rise  ; Fall  ; Clock Edge ; Clock Reference                                       ;
+-----------------+------------+-------+-------+------------+-------------------------------------------------------+
; clk_100m        ; sys_clk    ; 3.244 ;       ; Rise       ; u_pll_clk|altpll_component|auto_generated|pll1|clk[0] ;
; clk_100m        ; sys_clk    ;       ; 3.201 ; Fall       ; u_pll_clk|altpll_component|auto_generated|pll1|clk[0] ;
; clk_100m_180deg ; sys_clk    ; 9.596 ;       ; Rise       ; u_pll_clk|altpll_component|auto_generated|pll1|clk[1] ;
; clk_100m_180deg ; sys_clk    ;       ; 9.642 ; Fall       ; u_pll_clk|altpll_component|auto_generated|pll1|clk[1] ;
; clk_50m         ; sys_clk    ; 3.248 ;       ; Rise       ; u_pll_clk|altpll_component|auto_generated|pll1|clk[2] ;
; clk_50m         ; sys_clk    ;       ; 3.205 ; Fall       ; u_pll_clk|altpll_component|auto_generated|pll1|clk[2] ;
; clk_25m         ; sys_clk    ; 3.220 ;       ; Rise       ; u_pll_clk|altpll_component|auto_generated|pll1|clk[3] ;
; clk_25m         ; sys_clk    ;       ; 3.178 ; Fall       ; u_pll_clk|altpll_component|auto_generated|pll1|clk[3] ;
+-----------------+------------+-------+-------+------------+-------------------------------------------------------+


+-------------------------------------------------------------------------------------------------------------------+
; Minimum Clock to Output Times                                                                                     ;
+-----------------+------------+-------+-------+------------+-------------------------------------------------------+
; Data Port       ; Clock Port ; Rise  ; Fall  ; Clock Edge ; Clock Reference                                       ;
+-----------------+------------+-------+-------+------------+-------------------------------------------------------+
; clk_100m        ; sys_clk    ; 1.309 ;       ; Rise       ; u_pll_clk|altpll_component|auto_generated|pll1|clk[0] ;
; clk_100m        ; sys_clk    ;       ; 1.372 ; Fall       ; u_pll_clk|altpll_component|auto_generated|pll1|clk[0] ;
; clk_100m_180deg ; sys_clk    ; 7.166 ;       ; Rise       ; u_pll_clk|altpll_component|auto_generated|pll1|clk[1] ;
; clk_100m_180deg ; sys_clk    ;       ; 7.264 ; Fall       ; u_pll_clk|altpll_component|auto_generated|pll1|clk[1] ;
; clk_50m         ; sys_clk    ; 1.304 ;       ; Rise       ; u_pll_clk|altpll_component|auto_generated|pll1|clk[2] ;
; clk_50m         ; sys_clk    ;       ; 1.367 ; Fall       ; u_pll_clk|altpll_component|auto_generated|pll1|clk[2] ;
; clk_25m         ; sys_clk    ; 1.286 ;       ; Rise       ; u_pll_clk|altpll_component|auto_generated|pll1|clk[3] ;
; clk_25m         ; sys_clk    ;       ; 1.350 ; Fall       ; u_pll_clk|altpll_component|auto_generated|pll1|clk[3] ;
+-----------------+------------+-------+-------+------------+-------------------------------------------------------+


+--------------------------------------------------------------------------------------------------------------------------------------------------------------------------------------------------------------------------------------------------------------------------------------------------------------------------------------------------------------------------------------------------------------------+
; Board Trace Model Assignments                                                                                                                                                                                                                                                                                                                                                                                      ;
+-----------------+--------------+-------------------+-------------------------+-------------------------+---------------+---------------------+----------------+------------------+--------+------------------+------------------------+------------------------+--------------+---------------+-----------------+-------+---------------------+--------------------+---------------+-----------------+-------------+
; Pin             ; I/O Standard ; Near Tline Length ; Near Tline L per Length ; Near Tline C per Length ; Near Series R ; Near Differential R ; Near Pull-up R ; Near Pull-down R ; Near C ; Far Tline Length ; Far Tline L per Length ; Far Tline C per Length ; Far Series R ; Far Pull-up R ; Far Pull-down R ; Far C ; Termination Voltage ; Far Differential R ; EBD File Name ; EBD Signal Name ; EBD Far-end ;
+-----------------+--------------+-------------------+-------------------------+-------------------------+---------------+---------------------+----------------+------------------+--------+------------------+------------------------+------------------------+--------------+---------------+-----------------+-------+---------------------+--------------------+---------------+-----------------+-------------+
; clk_100m        ; 2.5 V        ; 0 in              ; 0 H/in                  ; 0 F/in                  ; short         ; -                   ; open           ; open             ; open   ; 0 in             ; 0 H/in                 ; 0 F/in                 ; short        ; open          ; open            ; open  ; 0 V                 ; -                  ; n/a           ; n/a             ; n/a         ;
; clk_100m_180deg ; 2.5 V        ; 0 in              ; 0 H/in                  ; 0 F/in                  ; short         ; -                   ; open           ; open             ; open   ; 0 in             ; 0 H/in                 ; 0 F/in                 ; short        ; open          ; open            ; open  ; 0 V                 ; -                  ; n/a           ; n/a             ; n/a         ;
; clk_50m         ; 2.5 V        ; 0 in              ; 0 H/in                  ; 0 F/in                  ; short         ; -                   ; open           ; open             ; open   ; 0 in             ; 0 H/in                 ; 0 F/in                 ; short        ; open          ; open            ; open  ; 0 V                 ; -                  ; n/a           ; n/a             ; n/a         ;
; clk_25m         ; 2.5 V        ; 0 in              ; 0 H/in                  ; 0 F/in                  ; short         ; -                   ; open           ; open             ; open   ; 0 in             ; 0 H/in                 ; 0 F/in                 ; short        ; open          ; open            ; open  ; 0 V                 ; -                  ; n/a           ; n/a             ; n/a         ;
; ~ALTERA_DCLK~   ; 2.5 V        ; 0 in              ; 0 H/in                  ; 0 F/in                  ; short         ; -                   ; open           ; open             ; open   ; 0 in             ; 0 H/in                 ; 0 F/in                 ; short        ; open          ; open            ; open  ; 0 V                 ; -                  ; n/a           ; n/a             ; n/a         ;
; ~ALTERA_nCEO~   ; 2.5 V        ; 0 in              ; 0 H/in                  ; 0 F/in                  ; short         ; -                   ; open           ; open             ; open   ; 0 in             ; 0 H/in                 ; 0 F/in                 ; short        ; open          ; open            ; open  ; 0 V                 ; -                  ; n/a           ; n/a             ; n/a         ;
+-----------------+--------------+-------------------+-------------------------+-------------------------+---------------+---------------------+----------------+------------------+--------+------------------+------------------------+------------------------+--------------+---------------+-----------------+-------+---------------------+--------------------+---------------+-----------------+-------------+


+----------------------------------------------------------------------------+
; Input Transition Times                                                     ;
+-------------------------+--------------+-----------------+-----------------+
; Pin                     ; I/O Standard ; 10-90 Rise Time ; 90-10 Fall Time ;
+-------------------------+--------------+-----------------+-----------------+
; sys_rst_n               ; 2.5 V        ; 2000 ps         ; 2000 ps         ;
; sys_clk                 ; 2.5 V        ; 2000 ps         ; 2000 ps         ;
; ~ALTERA_ASDO_DATA1~     ; 2.5 V        ; 2000 ps         ; 2000 ps         ;
; ~ALTERA_FLASH_nCE_nCSO~ ; 2.5 V        ; 2000 ps         ; 2000 ps         ;
; ~ALTERA_DATA0~          ; 2.5 V        ; 2000 ps         ; 2000 ps         ;
+-------------------------+--------------+-----------------+-----------------+


+----------------------------------------------------------------------------------------------------------------------------------------------------------------------------------------------------------------------------------------------------------------------------------------------------------------------------------------------------------------------------------------------------------------------------------------------------------------------------------------------------------------------------------------------------------------------------------------------------------------------------------------------------------------------------------------------+
; Signal Integrity Metrics (Slow 1200mv 0c Model)                                                                                                                                                                                                                                                                                                                                                                                                                                                                                                                                                                                                                                              ;
+-----------------+--------------+---------------------+---------------------+------------------------------+------------------------------+---------------------+---------------------+--------------------------------------+--------------------------------------+-----------------------------+-----------------------------+----------------------------+----------------------------+-----------------------------+-----------------------------+--------------------+--------------------+-------------------------------------+-------------------------------------+----------------------------+----------------------------+---------------------------+---------------------------+
; Pin             ; I/O Standard ; Board Delay on Rise ; Board Delay on Fall ; Steady State Voh at FPGA Pin ; Steady State Vol at FPGA Pin ; Voh Max at FPGA Pin ; Vol Min at FPGA Pin ; Ringback Voltage on Rise at FPGA Pin ; Ringback Voltage on Fall at FPGA Pin ; 10-90 Rise Time at FPGA Pin ; 90-10 Fall Time at FPGA Pin ; Monotonic Rise at FPGA Pin ; Monotonic Fall at FPGA Pin ; Steady State Voh at Far-end ; Steady State Vol at Far-end ; Voh Max at Far-end ; Vol Min at Far-end ; Ringback Voltage on Rise at Far-end ; Ringback Voltage on Fall at Far-end ; 10-90 Rise Time at Far-end ; 90-10 Fall Time at Far-end ; Monotonic Rise at Far-end ; Monotonic Fall at Far-end ;
+-----------------+--------------+---------------------+---------------------+------------------------------+------------------------------+---------------------+---------------------+--------------------------------------+--------------------------------------+-----------------------------+-----------------------------+----------------------------+----------------------------+-----------------------------+-----------------------------+--------------------+--------------------+-------------------------------------+-------------------------------------+----------------------------+----------------------------+---------------------------+---------------------------+
; clk_100m        ; 2.5 V        ; 0 s                 ; 0 s                 ; 2.32 V                       ; 2.07e-09 V                   ; 2.36 V              ; -0.00737 V          ; 0.209 V                              ; 0.012 V                              ; 5.22e-10 s                  ; 5.33e-10 s                  ; Yes                        ; Yes                        ; 2.32 V                      ; 2.07e-09 V                  ; 2.36 V             ; -0.00737 V         ; 0.209 V                             ; 0.012 V                             ; 5.22e-10 s                 ; 5.33e-10 s                 ; Yes                       ; Yes                       ;
; clk_100m_180deg ; 2.5 V        ; 0 s                 ; 0 s                 ; 2.32 V                       ; 2.07e-09 V                   ; 2.33 V              ; -0.00421 V          ; 0.165 V                              ; 0.078 V                              ; 3.11e-09 s                  ; 2.85e-09 s                  ; Yes                        ; Yes                        ; 2.32 V                      ; 2.07e-09 V                  ; 2.33 V             ; -0.00421 V         ; 0.165 V                             ; 0.078 V                             ; 3.11e-09 s                 ; 2.85e-09 s                 ; Yes                       ; Yes                       ;
; clk_50m         ; 2.5 V        ; 0 s                 ; 0 s                 ; 2.32 V                       ; 2.07e-09 V                   ; 2.36 V              ; -0.00737 V          ; 0.209 V                              ; 0.012 V                              ; 5.22e-10 s                  ; 5.33e-10 s                  ; Yes                        ; Yes                        ; 2.32 V                      ; 2.07e-09 V                  ; 2.36 V             ; -0.00737 V         ; 0.209 V                             ; 0.012 V                             ; 5.22e-10 s                 ; 5.33e-10 s                 ; Yes                       ; Yes                       ;
; clk_25m         ; 2.5 V        ; 0 s                 ; 0 s                 ; 2.32 V                       ; 2.07e-09 V                   ; 2.36 V              ; -0.00737 V          ; 0.209 V                              ; 0.012 V                              ; 5.22e-10 s                  ; 5.33e-10 s                  ; Yes                        ; Yes                        ; 2.32 V                      ; 2.07e-09 V                  ; 2.36 V             ; -0.00737 V         ; 0.209 V                             ; 0.012 V                             ; 5.22e-10 s                 ; 5.33e-10 s                 ; Yes                       ; Yes                       ;
; ~ALTERA_DCLK~   ; 2.5 V        ; 0 s                 ; 0 s                 ; 2.32 V                       ; 1.74e-09 V                   ; 2.37 V              ; -0.0346 V           ; 0.198 V                              ; 0.094 V                              ; 3.14e-10 s                  ; 2.92e-10 s                  ; Yes                        ; Yes                        ; 2.32 V                      ; 1.74e-09 V                  ; 2.37 V             ; -0.0346 V          ; 0.198 V                             ; 0.094 V                             ; 3.14e-10 s                 ; 2.92e-10 s                 ; Yes                       ; Yes                       ;
; ~ALTERA_nCEO~   ; 2.5 V        ; 0 s                 ; 0 s                 ; 2.32 V                       ; 2.57e-09 V                   ; 2.37 V              ; -0.00683 V          ; 0.171 V                              ; 0.018 V                              ; 4.97e-10 s                  ; 6.66e-10 s                  ; Yes                        ; Yes                        ; 2.32 V                      ; 2.57e-09 V                  ; 2.37 V             ; -0.00683 V         ; 0.171 V                             ; 0.018 V                             ; 4.97e-10 s                 ; 6.66e-10 s                 ; Yes                       ; Yes                       ;
+-----------------+--------------+---------------------+---------------------+------------------------------+------------------------------+---------------------+---------------------+--------------------------------------+--------------------------------------+-----------------------------+-----------------------------+----------------------------+----------------------------+-----------------------------+-----------------------------+--------------------+--------------------+-------------------------------------+-------------------------------------+----------------------------+----------------------------+---------------------------+---------------------------+


+----------------------------------------------------------------------------------------------------------------------------------------------------------------------------------------------------------------------------------------------------------------------------------------------------------------------------------------------------------------------------------------------------------------------------------------------------------------------------------------------------------------------------------------------------------------------------------------------------------------------------------------------------------------------------------------------+
; Signal Integrity Metrics (Slow 1200mv 85c Model)                                                                                                                                                                                                                                                                                                                                                                                                                                                                                                                                                                                                                                             ;
+-----------------+--------------+---------------------+---------------------+------------------------------+------------------------------+---------------------+---------------------+--------------------------------------+--------------------------------------+-----------------------------+-----------------------------+----------------------------+----------------------------+-----------------------------+-----------------------------+--------------------+--------------------+-------------------------------------+-------------------------------------+----------------------------+----------------------------+---------------------------+---------------------------+
; Pin             ; I/O Standard ; Board Delay on Rise ; Board Delay on Fall ; Steady State Voh at FPGA Pin ; Steady State Vol at FPGA Pin ; Voh Max at FPGA Pin ; Vol Min at FPGA Pin ; Ringback Voltage on Rise at FPGA Pin ; Ringback Voltage on Fall at FPGA Pin ; 10-90 Rise Time at FPGA Pin ; 90-10 Fall Time at FPGA Pin ; Monotonic Rise at FPGA Pin ; Monotonic Fall at FPGA Pin ; Steady State Voh at Far-end ; Steady State Vol at Far-end ; Voh Max at Far-end ; Vol Min at Far-end ; Ringback Voltage on Rise at Far-end ; Ringback Voltage on Fall at Far-end ; 10-90 Rise Time at Far-end ; 90-10 Fall Time at Far-end ; Monotonic Rise at Far-end ; Monotonic Fall at Far-end ;
+-----------------+--------------+---------------------+---------------------+------------------------------+------------------------------+---------------------+---------------------+--------------------------------------+--------------------------------------+-----------------------------+-----------------------------+----------------------------+----------------------------+-----------------------------+-----------------------------+--------------------+--------------------+-------------------------------------+-------------------------------------+----------------------------+----------------------------+---------------------------+---------------------------+
; clk_100m        ; 2.5 V        ; 0 s                 ; 0 s                 ; 2.32 V                       ; 1.93e-07 V                   ; 2.34 V              ; -0.00869 V          ; 0.14 V                               ; 0.046 V                              ; 6.89e-10 s                  ; 6.56e-10 s                  ; Yes                        ; Yes                        ; 2.32 V                      ; 1.93e-07 V                  ; 2.34 V             ; -0.00869 V         ; 0.14 V                              ; 0.046 V                             ; 6.89e-10 s                 ; 6.56e-10 s                 ; Yes                       ; Yes                       ;
; clk_100m_180deg ; 2.5 V        ; 0 s                 ; 0 s                 ; 2.32 V                       ; 1.93e-07 V                   ; 2.33 V              ; -0.0022 V           ; 0.088 V                              ; 0.056 V                              ; 3.76e-09 s                  ; 3.48e-09 s                  ; Yes                        ; Yes                        ; 2.32 V                      ; 1.93e-07 V                  ; 2.33 V             ; -0.0022 V          ; 0.088 V                             ; 0.056 V                             ; 3.76e-09 s                 ; 3.48e-09 s                 ; Yes                       ; Yes                       ;
; clk_50m         ; 2.5 V        ; 0 s                 ; 0 s                 ; 2.32 V                       ; 1.93e-07 V                   ; 2.34 V              ; -0.00869 V          ; 0.14 V                               ; 0.046 V                              ; 6.89e-10 s                  ; 6.56e-10 s                  ; Yes                        ; Yes                        ; 2.32 V                      ; 1.93e-07 V                  ; 2.34 V             ; -0.00869 V         ; 0.14 V                              ; 0.046 V                             ; 6.89e-10 s                 ; 6.56e-10 s                 ; Yes                       ; Yes                       ;
; clk_25m         ; 2.5 V        ; 0 s                 ; 0 s                 ; 2.32 V                       ; 1.93e-07 V                   ; 2.34 V              ; -0.00869 V          ; 0.14 V                               ; 0.046 V                              ; 6.89e-10 s                  ; 6.56e-10 s                  ; Yes                        ; Yes                        ; 2.32 V                      ; 1.93e-07 V                  ; 2.34 V             ; -0.00869 V         ; 0.14 V                              ; 0.046 V                             ; 6.89e-10 s                 ; 6.56e-10 s                 ; Yes                       ; Yes                       ;
; ~ALTERA_DCLK~   ; 2.5 V        ; 0 s                 ; 0 s                 ; 2.32 V                       ; 1.55e-07 V                   ; 2.35 V              ; -0.00221 V          ; 0.097 V                              ; 0.005 V                              ; 4.49e-10 s                  ; 3.85e-10 s                  ; Yes                        ; Yes                        ; 2.32 V                      ; 1.55e-07 V                  ; 2.35 V             ; -0.00221 V         ; 0.097 V                             ; 0.005 V                             ; 4.49e-10 s                 ; 3.85e-10 s                 ; Yes                       ; Yes                       ;
; ~ALTERA_nCEO~   ; 2.5 V        ; 0 s                 ; 0 s                 ; 2.32 V                       ; 2.54e-07 V                   ; 2.34 V              ; -0.00774 V          ; 0.109 V                              ; 0.026 V                              ; 6.58e-10 s                  ; 8.24e-10 s                  ; Yes                        ; Yes                        ; 2.32 V                      ; 2.54e-07 V                  ; 2.34 V             ; -0.00774 V         ; 0.109 V                             ; 0.026 V                             ; 6.58e-10 s                 ; 8.24e-10 s                 ; Yes                       ; Yes                       ;
+-----------------+--------------+---------------------+---------------------+------------------------------+------------------------------+---------------------+---------------------+--------------------------------------+--------------------------------------+-----------------------------+-----------------------------+----------------------------+----------------------------+-----------------------------+-----------------------------+--------------------+--------------------+-------------------------------------+-------------------------------------+----------------------------+----------------------------+---------------------------+---------------------------+


+----------------------------------------------------------------------------------------------------------------------------------------------------------------------------------------------------------------------------------------------------------------------------------------------------------------------------------------------------------------------------------------------------------------------------------------------------------------------------------------------------------------------------------------------------------------------------------------------------------------------------------------------------------------------------------------------+
; Signal Integrity Metrics (Fast 1200mv 0c Model)                                                                                                                                                                                                                                                                                                                                                                                                                                                                                                                                                                                                                                              ;
+-----------------+--------------+---------------------+---------------------+------------------------------+------------------------------+---------------------+---------------------+--------------------------------------+--------------------------------------+-----------------------------+-----------------------------+----------------------------+----------------------------+-----------------------------+-----------------------------+--------------------+--------------------+-------------------------------------+-------------------------------------+----------------------------+----------------------------+---------------------------+---------------------------+
; Pin             ; I/O Standard ; Board Delay on Rise ; Board Delay on Fall ; Steady State Voh at FPGA Pin ; Steady State Vol at FPGA Pin ; Voh Max at FPGA Pin ; Vol Min at FPGA Pin ; Ringback Voltage on Rise at FPGA Pin ; Ringback Voltage on Fall at FPGA Pin ; 10-90 Rise Time at FPGA Pin ; 90-10 Fall Time at FPGA Pin ; Monotonic Rise at FPGA Pin ; Monotonic Fall at FPGA Pin ; Steady State Voh at Far-end ; Steady State Vol at Far-end ; Voh Max at Far-end ; Vol Min at Far-end ; Ringback Voltage on Rise at Far-end ; Ringback Voltage on Fall at Far-end ; 10-90 Rise Time at Far-end ; 90-10 Fall Time at Far-end ; Monotonic Rise at Far-end ; Monotonic Fall at Far-end ;
+-----------------+--------------+---------------------+---------------------+------------------------------+------------------------------+---------------------+---------------------+--------------------------------------+--------------------------------------+-----------------------------+-----------------------------+----------------------------+----------------------------+-----------------------------+-----------------------------+--------------------+--------------------+-------------------------------------+-------------------------------------+----------------------------+----------------------------+---------------------------+---------------------------+
; clk_100m        ; 2.5 V        ; 0 s                 ; 0 s                 ; 2.62 V                       ; 2.74e-08 V                   ; 2.71 V              ; -0.0317 V           ; 0.148 V                              ; 0.064 V                              ; 4.51e-10 s                  ; 4.15e-10 s                  ; No                         ; Yes                        ; 2.62 V                      ; 2.74e-08 V                  ; 2.71 V             ; -0.0317 V          ; 0.148 V                             ; 0.064 V                             ; 4.51e-10 s                 ; 4.15e-10 s                 ; No                        ; Yes                       ;
; clk_100m_180deg ; 2.5 V        ; 0 s                 ; 0 s                 ; 2.62 V                       ; 2.74e-08 V                   ; 2.64 V              ; -0.0117 V           ; 0.202 V                              ; 0.176 V                              ; 2.38e-09 s                  ; 2.22e-09 s                  ; No                         ; Yes                        ; 2.62 V                      ; 2.74e-08 V                  ; 2.64 V             ; -0.0117 V          ; 0.202 V                             ; 0.176 V                             ; 2.38e-09 s                 ; 2.22e-09 s                 ; No                        ; Yes                       ;
; clk_50m         ; 2.5 V        ; 0 s                 ; 0 s                 ; 2.62 V                       ; 2.74e-08 V                   ; 2.71 V              ; -0.0317 V           ; 0.148 V                              ; 0.064 V                              ; 4.51e-10 s                  ; 4.15e-10 s                  ; No                         ; Yes                        ; 2.62 V                      ; 2.74e-08 V                  ; 2.71 V             ; -0.0317 V          ; 0.148 V                             ; 0.064 V                             ; 4.51e-10 s                 ; 4.15e-10 s                 ; No                        ; Yes                       ;
; clk_25m         ; 2.5 V        ; 0 s                 ; 0 s                 ; 2.62 V                       ; 2.74e-08 V                   ; 2.71 V              ; -0.0317 V           ; 0.148 V                              ; 0.064 V                              ; 4.51e-10 s                  ; 4.15e-10 s                  ; No                         ; Yes                        ; 2.62 V                      ; 2.74e-08 V                  ; 2.71 V             ; -0.0317 V          ; 0.148 V                             ; 0.064 V                             ; 4.51e-10 s                 ; 4.15e-10 s                 ; No                        ; Yes                       ;
; ~ALTERA_DCLK~   ; 2.5 V        ; 0 s                 ; 0 s                 ; 2.62 V                       ; 2.22e-08 V                   ; 2.74 V              ; -0.06 V             ; 0.158 V                              ; 0.08 V                               ; 2.68e-10 s                  ; 2.19e-10 s                  ; Yes                        ; Yes                        ; 2.62 V                      ; 2.22e-08 V                  ; 2.74 V             ; -0.06 V            ; 0.158 V                             ; 0.08 V                              ; 2.68e-10 s                 ; 2.19e-10 s                 ; Yes                       ; Yes                       ;
; ~ALTERA_nCEO~   ; 2.5 V        ; 0 s                 ; 0 s                 ; 2.62 V                       ; 3.54e-08 V                   ; 2.7 V               ; -0.00943 V          ; 0.276 V                              ; 0.035 V                              ; 3.19e-10 s                  ; 4.99e-10 s                  ; No                         ; Yes                        ; 2.62 V                      ; 3.54e-08 V                  ; 2.7 V              ; -0.00943 V         ; 0.276 V                             ; 0.035 V                             ; 3.19e-10 s                 ; 4.99e-10 s                 ; No                        ; Yes                       ;
+-----------------+--------------+---------------------+---------------------+------------------------------+------------------------------+---------------------+---------------------+--------------------------------------+--------------------------------------+-----------------------------+-----------------------------+----------------------------+----------------------------+-----------------------------+-----------------------------+--------------------+--------------------+-------------------------------------+-------------------------------------+----------------------------+----------------------------+---------------------------+---------------------------+


-------------------
; Clock Transfers ;
-------------------
Nothing to report.


---------------
; Report TCCS ;
---------------
No dedicated SERDES Transmitter circuitry present in device or used in design


---------------
; Report RSKM ;
---------------
No non-DPA dedicated SERDES Receiver circuitry present in device or used in design


+------------------------------------------------+
; Unconstrained Paths                            ;
+---------------------------------+-------+------+
; Property                        ; Setup ; Hold ;
+---------------------------------+-------+------+
; Illegal Clocks                  ; 0     ; 0    ;
; Unconstrained Clocks            ; 0     ; 0    ;
; Unconstrained Input Ports       ; 0     ; 0    ;
; Unconstrained Input Port Paths  ; 0     ; 0    ;
; Unconstrained Output Ports      ; 4     ; 4    ;
; Unconstrained Output Port Paths ; 4     ; 4    ;
+---------------------------------+-------+------+


+------------------------------------+
; TimeQuest Timing Analyzer Messages ;
+------------------------------------+
Info: *******************************************************************
Info: Running Quartus II 64-Bit TimeQuest Timing Analyzer
    Info: Version 13.1.0 Build 162 10/23/2013 SJ Full Version
    Info: Processing started: Tue Aug 21 10:45:48 2018
Info: Command: quartus_sta ip_pll -c ip_pll
Info: qsta_default_script.tcl version: #1
Info (20030): Parallel compilation is enabled and will use 4 of the 4 processors detected
Info (21077): Core supply voltage is 1.2V
Info (21077): Low junction temperature is 0 degrees C
Info (21077): High junction temperature is 85 degrees C
Critical Warning (332012): Synopsys Design Constraints File file not found: 'ip_pll.sdc'. A Synopsys Design Constraints File is required by the TimeQuest Timing Analyzer to get proper timing constraints. Without it, the Compiler will not properly optimize the design.
Info (332142): No user constrained generated clocks found in the design. Calling "derive_pll_clocks -create_base_clocks"
Info (332110): Deriving PLL clocks
    Info (332110): create_clock -period 20.000 -waveform {0.000 10.000} -name sys_clk sys_clk
    Info (332110): create_generated_clock -source {u_pll_clk|altpll_component|auto_generated|pll1|inclk[0]} -multiply_by 2 -duty_cycle 50.00 -name {u_pll_clk|altpll_component|auto_generated|pll1|clk[0]} {u_pll_clk|altpll_component|auto_generated|pll1|clk[0]}
    Info (332110): create_generated_clock -source {u_pll_clk|altpll_component|auto_generated|pll1|inclk[0]} -multiply_by 2 -phase 180.00 -duty_cycle 50.00 -name {u_pll_clk|altpll_component|auto_generated|pll1|clk[1]} {u_pll_clk|altpll_component|auto_generated|pll1|clk[1]}
    Info (332110): create_generated_clock -source {u_pll_clk|altpll_component|auto_generated|pll1|inclk[0]} -duty_cycle 50.00 -name {u_pll_clk|altpll_component|auto_generated|pll1|clk[2]} {u_pll_clk|altpll_component|auto_generated|pll1|clk[2]}
    Info (332110): create_generated_clock -source {u_pll_clk|altpll_component|auto_generated|pll1|inclk[0]} -divide_by 2 -duty_cycle 50.00 -name {u_pll_clk|altpll_component|auto_generated|pll1|clk[3]} {u_pll_clk|altpll_component|auto_generated|pll1|clk[3]}
Info (332142): No user constrained base clocks found in the design. Calling "derive_clocks -period 1.0"
Info (332096): The command derive_clocks did not find any clocks to derive.  No clocks were created or changed.
Info (332143): No user constrained clock uncertainty found in the design. Calling "derive_clock_uncertainty"
Info (332154): The derive_clock_uncertainty command did not apply clock uncertainty to any clock-to-clock transfers.
Info: Found TIMEQUEST_REPORT_SCRIPT_INCLUDE_DEFAULT_ANALYSIS = ON
Info: Analyzing Slow 1200mV 85C Model
Info (332140): No fmax paths to report
Info (332140): No Setup paths to report
Info (332140): No Hold paths to report
Info (332140): No Recovery paths to report
Info (332140): No Removal paths to report
Info (332146): Worst-case minimum pulse width slack is 9.934
    Info (332119):     Slack       End Point TNS Clock 
    Info (332119): ========= =================== =====================
    Info (332119):     9.934               0.000 sys_clk 
Info: Analyzing Slow 1200mV 0C Model
Info (334003): Started post-fitting delay annotation
Info (334004): Delay annotation completed successfully
Info (332154): The derive_clock_uncertainty command did not apply clock uncertainty to any clock-to-clock transfers.
Info (332140): No fmax paths to report
Info (332140): No Setup paths to report
Info (332140): No Hold paths to report
Info (332140): No Recovery paths to report
Info (332140): No Removal paths to report
Info (332146): Worst-case minimum pulse width slack is 9.943
    Info (332119):     Slack       End Point TNS Clock 
    Info (332119): ========= =================== =====================
    Info (332119):     9.943               0.000 sys_clk 
Info: Analyzing Fast 1200mV 0C Model
Info (332154): The derive_clock_uncertainty command did not apply clock uncertainty to any clock-to-clock transfers.
Info (332140): No Setup paths to report
Info (332140): No Hold paths to report
Info (332140): No Recovery paths to report
Info (332140): No Removal paths to report
Info (332146): Worst-case minimum pulse width slack is 9.594
    Info (332119):     Slack       End Point TNS Clock 
    Info (332119): ========= =================== =====================
    Info (332119):     9.594               0.000 sys_clk 
Info (332102): Design is not fully constrained for setup requirements
Info (332102): Design is not fully constrained for hold requirements
Info: Quartus II 64-Bit TimeQuest Timing Analyzer was successful. 0 errors, 1 warning
    Info: Peak virtual memory: 505 megabytes
    Info: Processing ended: Tue Aug 21 10:45:50 2018
    Info: Elapsed time: 00:00:02
    Info: Total CPU time (on all processors): 00:00:02


