------------------------------------------------------------
TimeQuest Timing Analyzer Summary
------------------------------------------------------------

Type  : Slow 1200mV 85C Model Setup 'sys_clk'
Slack : 16.294
TNS   : 0.000

Type  : Slow 1200mV 85C Model Setup 'eth_tx_clk'
Slack : 23.029
TNS   : 0.000

Type  : Slow 1200mV 85C Model Setup 'eth_rx_clk'
Slack : 27.733
TNS   : 0.000

Type  : Slow 1200mV 85C Model Setup 'aud_bclk'
Slack : 33.193
TNS   : 0.000

Type  : Slow 1200mV 85C Model Setup 'altera_reserved_tck'
Slack : 40.720
TNS   : 0.000

Type  : Slow 1200mV 85C Model Hold 'aud_bclk'
Slack : 0.377
TNS   : 0.000

Type  : Slow 1200mV 85C Model Hold 'eth_rx_clk'
Slack : 0.412
TNS   : 0.000

Type  : Slow 1200mV 85C Model Hold 'altera_reserved_tck'
Slack : 0.453
TNS   : 0.000

Type  : Slow 1200mV 85C Model Hold 'eth_tx_clk'
Slack : 0.485
TNS   : 0.000

Type  : Slow 1200mV 85C Model Hold 'sys_clk'
Slack : 0.485
TNS   : 0.000

Type  : Slow 1200mV 85C Model Recovery 'altera_reserved_tck'
Slack : 48.091
TNS   : 0.000

Type  : Slow 1200mV 85C Model Removal 'altera_reserved_tck'
Slack : 1.325
TNS   : 0.000

Type  : Slow 1200mV 85C Model Minimum Pulse Width 'sys_clk'
Slack : 9.761
TNS   : 0.000

Type  : Slow 1200mV 85C Model Minimum Pulse Width 'eth_tx_clk'
Slack : 19.507
TNS   : 0.000

Type  : Slow 1200mV 85C Model Minimum Pulse Width 'eth_rx_clk'
Slack : 19.632
TNS   : 0.000

Type  : Slow 1200mV 85C Model Minimum Pulse Width 'aud_bclk'
Slack : 39.518
TNS   : 0.000

Type  : Slow 1200mV 85C Model Minimum Pulse Width 'altera_reserved_tck'
Slack : 49.447
TNS   : 0.000

Type  : Slow 1200mV 0C Model Setup 'sys_clk'
Slack : 16.583
TNS   : 0.000

Type  : Slow 1200mV 0C Model Setup 'eth_tx_clk'
Slack : 24.079
TNS   : 0.000

Type  : Slow 1200mV 0C Model Setup 'eth_rx_clk'
Slack : 28.338
TNS   : 0.000

Type  : Slow 1200mV 0C Model Setup 'aud_bclk'
Slack : 33.375
TNS   : 0.000

Type  : Slow 1200mV 0C Model Setup 'altera_reserved_tck'
Slack : 41.312
TNS   : 0.000

Type  : Slow 1200mV 0C Model Hold 'aud_bclk'
Slack : 0.329
TNS   : 0.000

Type  : Slow 1200mV 0C Model Hold 'altera_reserved_tck'
Slack : 0.401
TNS   : 0.000

Type  : Slow 1200mV 0C Model Hold 'eth_rx_clk'
Slack : 0.412
TNS   : 0.000

Type  : Slow 1200mV 0C Model Hold 'eth_tx_clk'
Slack : 0.430
TNS   : 0.000

Type  : Slow 1200mV 0C Model Hold 'sys_clk'
Slack : 0.430
TNS   : 0.000

Type  : Slow 1200mV 0C Model Recovery 'altera_reserved_tck'
Slack : 48.386
TNS   : 0.000

Type  : Slow 1200mV 0C Model Removal 'altera_reserved_tck'
Slack : 1.232
TNS   : 0.000

Type  : Slow 1200mV 0C Model Minimum Pulse Width 'sys_clk'
Slack : 9.750
TNS   : 0.000

Type  : Slow 1200mV 0C Model Minimum Pulse Width 'eth_tx_clk'
Slack : 19.360
TNS   : 0.000

Type  : Slow 1200mV 0C Model Minimum Pulse Width 'eth_rx_clk'
Slack : 19.472
TNS   : 0.000

Type  : Slow 1200mV 0C Model Minimum Pulse Width 'aud_bclk'
Slack : 39.364
TNS   : 0.000

Type  : Slow 1200mV 0C Model Minimum Pulse Width 'altera_reserved_tck'
Slack : 49.300
TNS   : 0.000

Type  : Fast 1200mV 0C Model Setup 'sys_clk'
Slack : 18.313
TNS   : 0.000

Type  : Fast 1200mV 0C Model Setup 'eth_tx_clk'
Slack : 32.663
TNS   : 0.000

Type  : Fast 1200mV 0C Model Setup 'eth_rx_clk'
Slack : 34.396
TNS   : 0.000

Type  : Fast 1200mV 0C Model Setup 'aud_bclk'
Slack : 37.645
TNS   : 0.000

Type  : Fast 1200mV 0C Model Setup 'altera_reserved_tck'
Slack : 45.925
TNS   : 0.000

Type  : Fast 1200mV 0C Model Hold 'eth_rx_clk'
Slack : 0.132
TNS   : 0.000

Type  : Fast 1200mV 0C Model Hold 'aud_bclk'
Slack : 0.145
TNS   : 0.000

Type  : Fast 1200mV 0C Model Hold 'altera_reserved_tck'
Slack : 0.186
TNS   : 0.000

Type  : Fast 1200mV 0C Model Hold 'eth_tx_clk'
Slack : 0.201
TNS   : 0.000

Type  : Fast 1200mV 0C Model Hold 'sys_clk'
Slack : 0.201
TNS   : 0.000

Type  : Fast 1200mV 0C Model Recovery 'altera_reserved_tck'
Slack : 49.319
TNS   : 0.000

Type  : Fast 1200mV 0C Model Removal 'altera_reserved_tck'
Slack : 0.562
TNS   : 0.000

Type  : Fast 1200mV 0C Model Minimum Pulse Width 'sys_clk'
Slack : 9.435
TNS   : 0.000

Type  : Fast 1200mV 0C Model Minimum Pulse Width 'eth_rx_clk'
Slack : 19.251
TNS   : 0.000

Type  : Fast 1200mV 0C Model Minimum Pulse Width 'eth_tx_clk'
Slack : 19.299
TNS   : 0.000

Type  : Fast 1200mV 0C Model Minimum Pulse Width 'aud_bclk'
Slack : 39.287
TNS   : 0.000

Type  : Fast 1200mV 0C Model Minimum Pulse Width 'altera_reserved_tck'
Slack : 49.448
TNS   : 0.000

------------------------------------------------------------
